127.0.0.1 - - [18/May/2019:15:14:25 +0900] "GET / HTTP/1.1" 404 1074
0:0:0:0:0:0:0:1 - - [18/May/2019:15:14:41 +0900] "GET /Servlet_project HTTP/1.1" 404 1089
0:0:0:0:0:0:0:1 - - [18/May/2019:15:14:41 +0900] "GET /favicon.ico HTTP/1.1" 404 1085
0:0:0:0:0:0:0:1 - - [18/May/2019:15:15:56 +0900] "GET /exam HTTP/1.1" 500 1447
0:0:0:0:0:0:0:1 - - [18/May/2019:15:16:16 +0900] "GET /exam?action=article HTTP/1.1" 200 360
0:0:0:0:0:0:0:1 - - [18/May/2019:15:17:19 +0900] "GET /test HTTP/1.1" 404 1078
127.0.0.1 - - [18/May/2019:15:18:49 +0900] "GET / HTTP/1.1" 404 1074
0:0:0:0:0:0:0:1 - - [18/May/2019:15:18:52 +0900] "GET /test HTTP/1.1" 404 1078
0:0:0:0:0:0:0:1 - - [18/May/2019:15:18:58 +0900] "GET /Servlet_project HTTP/1.1" 404 1089
0:0:0:0:0:0:0:1 - - [18/May/2019:15:20:06 +0900] "GET /20190518/Servlet_project HTTP/1.1" 404 1102
127.0.0.1 - - [18/May/2019:15:22:37 +0900] "GET / HTTP/1.1" 404 1074
0:0:0:0:0:0:0:1 - - [18/May/2019:15:22:47 +0900] "GET /Servlet HTTP/1.1" 404 1081
127.0.0.1 - - [18/May/2019:15:31:37 +0900] "GET / HTTP/1.1" 404 1074
0:0:0:0:0:0:0:1 - - [18/May/2019:15:31:41 +0900] "GET /Servlet HTTP/1.1" 404 1081
0:0:0:0:0:0:0:1 - - [18/May/2019:15:31:44 +0900] "GET /20190518/Servlet_project HTTP/1.1" 404 1102
0:0:0:0:0:0:0:1 - - [18/May/2019:15:31:47 +0900] "GET /20190518/Servlet HTTP/1.1" 200 12
127.0.0.1 - - [18/May/2019:15:35:07 +0900] "GET / HTTP/1.1" 404 1074
0:0:0:0:0:0:0:1 - - [18/May/2019:15:35:15 +0900] "GET /20190518/Servlet?action=index HTTP/1.1" 302 -
0:0:0:0:0:0:0:1 - - [18/May/2019:15:35:15 +0900] "GET /jsp/index.jsp HTTP/1.1" 200 153
127.0.0.1 - - [18/May/2019:16:08:41 +0900] "GET / HTTP/1.1" 404 1074
0:0:0:0:0:0:0:1 - - [18/May/2019:16:08:47 +0900] "GET /jsp/introduce.jsp HTTP/1.1" 404 1095
0:0:0:0:0:0:0:1 - - [18/May/2019:16:09:06 +0900] "GET /jsp/index.jsp HTTP/1.1" 200 153
0:0:0:0:0:0:0:1 - - [18/May/2019:16:09:14 +0900] "GET /jsp/introduce.jsp HTTP/1.1" 404 1095
127.0.0.1 - - [18/May/2019:16:09:21 +0900] "GET / HTTP/1.1" 404 1074
0:0:0:0:0:0:0:1 - - [18/May/2019:16:09:31 +0900] "GET /jsp/introduce.jsp HTTP/1.1" 404 1095
0:0:0:0:0:0:0:1 - - [18/May/2019:16:09:31 +0900] "GET /jsp/introduce.jsp HTTP/1.1" 404 1095
0:0:0:0:0:0:0:1 - - [18/May/2019:16:09:31 +0900] "GET /jsp/introduce.jsp HTTP/1.1" 404 1095
0:0:0:0:0:0:0:1 - - [18/May/2019:16:09:32 +0900] "GET /jsp/introduce.jsp HTTP/1.1" 404 1095
0:0:0:0:0:0:0:1 - - [18/May/2019:16:09:32 +0900] "GET /jsp/introduce.jsp HTTP/1.1" 404 1095
0:0:0:0:0:0:0:1 - - [18/May/2019:16:09:32 +0900] "GET /jsp/introduce.jsp HTTP/1.1" 404 1095
0:0:0:0:0:0:0:1 - - [18/May/2019:16:09:45 +0900] "GET /jsp/index.jsp HTTP/1.1" 200 153
0:0:0:0:0:0:0:1 - - [18/May/2019:16:10:20 +0900] "GET /20190518/jsp/index.jsp HTTP/1.1" 200 150
0:0:0:0:0:0:0:1 - - [18/May/2019:16:10:24 +0900] "GET /20190518/jsp/introduce.jsp HTTP/1.1" 200 178
127.0.0.1 - - [18/May/2019:16:10:49 +0900] "GET / HTTP/1.1" 404 1074
127.0.0.1 - - [18/May/2019:16:16:09 +0900] "GET / HTTP/1.1" 404 1074
0:0:0:0:0:0:0:1 - - [18/May/2019:16:16:13 +0900] "GET /20190518/jsp/introduce.jsp HTTP/1.1" 200 183
0:0:0:0:0:0:0:1 - - [18/May/2019:16:16:17 +0900] "GET /20190518/jsp/gugudan.jsp HTTP/1.1" 200 2131
127.0.0.1 - - [18/May/2019:16:24:51 +0900] "GET / HTTP/1.1" 404 1074
0:0:0:0:0:0:0:1 - - [18/May/2019:16:24:56 +0900] "GET /20190518/jsp/gugudan.jsp HTTP/1.1" 200 3427
127.0.0.1 - - [18/May/2019:16:30:52 +0900] "GET / HTTP/1.1" 404 1074
0:0:0:0:0:0:0:1 - - [18/May/2019:16:30:53 +0900] "GET /20190518/jsp/gugudan.jsp HTTP/1.1" 200 1078
127.0.0.1 - - [18/May/2019:16:35:12 +0900] "GET / HTTP/1.1" 404 1074
0:0:0:0:0:0:0:1 - - [18/May/2019:16:35:17 +0900] "GET /20190518/jsp/gugudan.jsp HTTP/1.1" 500 2736
127.0.0.1 - - [18/May/2019:16:35:47 +0900] "GET / HTTP/1.1" 404 1074
0:0:0:0:0:0:0:1 - - [18/May/2019:16:35:47 +0900] "GET /20190518/jsp/gugudan.jsp HTTP/1.1" 200 207
127.0.0.1 - - [18/May/2019:16:37:27 +0900] "GET / HTTP/1.1" 404 1074
0:0:0:0:0:0:0:1 - - [18/May/2019:16:37:32 +0900] "GET /20190518/jsp/gugudan.jsp HTTP/1.1" 200 207
127.0.0.1 - - [18/May/2019:16:38:23 +0900] "GET / HTTP/1.1" 404 1074
0:0:0:0:0:0:0:1 - - [18/May/2019:16:38:24 +0900] "GET /20190518/jsp/gugudan.jsp HTTP/1.1" 200 167
0:0:0:0:0:0:0:1 - - [18/May/2019:16:38:25 +0900] "GET /20190518/jsp/gugudan.jsp HTTP/1.1" 200 167
127.0.0.1 - - [18/May/2019:17:02:09 +0900] "GET / HTTP/1.1" 404 1074
0:0:0:0:0:0:0:1 - - [18/May/2019:17:02:09 +0900] "GET /20190518/WEB-INF/classes/mypackage/ArticleManagement.java HTTP/1.1" 404 1047
127.0.0.1 - - [18/May/2019:17:06:27 +0900] "GET / HTTP/1.1" 404 1074
127.0.0.1 - - [18/May/2019:17:08:29 +0900] "GET / HTTP/1.1" 404 1074
0:0:0:0:0:0:0:1 - - [18/May/2019:17:08:36 +0900] "GET /20190518/jsp/article.jsp HTTP/1.1" 200 352
127.0.0.1 - - [18/May/2019:17:08:48 +0900] "GET / HTTP/1.1" 404 1074
0:0:0:0:0:0:0:1 - - [18/May/2019:17:08:51 +0900] "GET /20190518/jsp/article.jsp HTTP/1.1" 200 392
127.0.0.1 - - [18/May/2019:17:09:03 +0900] "GET / HTTP/1.1" 404 1074
0:0:0:0:0:0:0:1 - - [18/May/2019:17:09:05 +0900] "GET /20190518/jsp/article.jsp HTTP/1.1" 200 392
127.0.0.1 - - [18/May/2019:17:20:34 +0900] "GET / HTTP/1.1" 404 1074
0:0:0:0:0:0:0:1 - - [18/May/2019:17:20:35 +0900] "GET /20190518/jsp/article.jsp HTTP/1.1" 200 985
0:0:0:0:0:0:0:1 - - [18/May/2019:17:20:53 +0900] "GET /20190518/jsp/article.jsp HTTP/1.1" 200 980
127.0.0.1 - - [18/May/2019:17:20:53 +0900] "GET / HTTP/1.1" 404 1074
127.0.0.1 - - [18/May/2019:17:52:34 +0900] "GET / HTTP/1.1" 404 1074
0:0:0:0:0:0:0:1 - - [18/May/2019:17:52:38 +0900] "GET /20190518/jsp/DBTest.jsp HTTP/1.1" 500 5244
